Microchip MPLAB XC8 Compiler V1.21 ()

Linker command line:

--edf=C:\Program Files (x86)\Microchip\xc8\v1.21\dat\en_msgs.txt -cs \
  -h+dist/Relocated/production\paris_relay.X.production.sym \
  --cmf=dist/Relocated/production\paris_relay.X.production.cmf -z -Q18F2580 \
  -oC:\Users\GRODAN~1\AppData\Local\Temp\s82c.6 \
  -Mdist/Relocated/production/paris_relay.X.production.map -E1 -ver=XC8 \
  -ACODE=0800h-07FFFh -ACONST=0800h-07FFFh -ASMALLCONST=0800h-08FFhx120 \
  -AMEDIUMCONST=0800h-07FFFh -ACOMRAM=01h-05Fh -AABS1=00h-05FFh \
  -ABIGRAM=01h-05FFh -ARAM=060h-0FFh,0100h-01FFhx5 -ABANK0=060h-0FFh \
  -ABANK1=0100h-01FFh -ABANK2=0200h-02FFh -ABANK3=0300h-03FFh \
  -ABANK4=0400h-04FFh -ABANK5=0500h-05FFh \
  -ASFR=0D00h-0DFFhx2,0F00h-0F5Fh,0F60h-0FFFh \
  -preset_vec=0800h,intcode,intcodelo=0818h,powerup,init,end_init \
  -pramtop=0600h -psmallconst=SMALLCONST -pmediumconst=MEDIUMCONST \
  -pconst=CONST -AFARRAM=00h-00h -ACONFIG=0300000h-030000Dh -pconfig=CONFIG \
  -AIDLOC=0200000h-0200007h -pidloc=IDLOC -AEEDATA=0F00000h-0F000FFh \
  -peeprom_data=EEDATA \
  -prdata=COMRAM,nvrram=COMRAM,nvbit=COMRAM,rbss=COMRAM,rbit=COMRAM \
  -pfarbss=FARRAM,fardata=FARRAM,nvFARRAM=FARRAM \
  -pintsave_regs=BIGRAM,bigbss=BIGRAM,bigdata=BIGRAM -pbss=RAM \
  -pidata=CODE,irdata=CODE,ibigdata=CODE,ifardata=CODE \
  C:\Users\GRODAN~1\AppData\Local\Temp\s82c.obj \
  dist/Relocated/production\paris_relay.X.production.obj 

Object code version is 3.11

Machine type is 18F2580

Call graph: (short form)




                Name                               Link     Load   Length Selector   Space Scale
C:\Users\GRODAN~1\AppData\Local\Temp\s82c.obj
                end_init                            8BA      8BA        4      40C       0
                reset_vec                           800      800        4      400       0
                idloc                            200000   200000        8   200000       0
                config                           300000   300000        E   300000       0
dist/Relocated/production\paris_relay.X.production.obj
                intcodelo                           818      818       A2      40C       0
                smallconst                          8BE      8BE       22      45F       0
                text78                             44A8     44A8       12      470       0
                text76                             4496     4496       12      470       0
                text75                             3C5C     3C5C       B6      470       0
                text74                             4484     4484       12      470       0
                text73                             370A     370A      10E      470       0
                text72                             4366     4366       1E      470       0
                text71                             43EE     43EE       18      470       0
                text70                             3DB0     3DB0       96      470       0
                text69                             40BA     40BA       3E      470       0
                text68                             44FE     44FE        6      470       0
                text67                             40F8     40F8       34      470       0
                text66                             4432     4432       16      470       0
                text65                             44EC     44EC        A      470       0
                text64                             441C     441C       16      470       0
                text63                             4406     4406       16      470       0
                text62                             42C0     42C0       24      470       0
                text61                             3EBE     3EBE       76      470       0
                text60                             31C8     31C8      164      470       0
                text59                             2AA2     2AA2      20E      470       0
                text58                             415C     415C       2C      470       0
                text57                             3E46     3E46       78      470       0
                text56                             41B2     41B2       2A      470       0
                text55                             347E     347E      150      470       0
                text54                             305E     305E      16A      470       0
                text53                             3FEE     3FEE       4A      470       0
                text52                             3BA6     3BA6       B6      470       0
                text51                             4276     4276       26      470       0
                text50                             4348     4348       1E      470       0
                text49                             3AEC     3AEC       BA      470       0
                text48                             43A0     43A0       1C      470       0
                text47                             4328     4328       20      470       0
                text46                             407C     407C       3E      470       0
                text45                             429C     429C       24      470       0
                text44                             44E2     44E2        A      470       0
                text43                             4038     4038       44      470       0
                text42                             412C     412C       30      470       0
                text41                             4188     4188       2A      470       0
                text40                             4514     4514        2      470       0
                text39                             4512     4512        2      470       0
                text38                             4510     4510        2      470       0
                text37                             4470     4470       14      470       0
                text36                             43D6     43D6       18      470       0
                text35                             445C     445C       14      470       0
                text34                             4448     4448       14      470       0
                text33                             450E     450E        2      470       0
                text32                             450C     450C        2      470       0
                text31                             44D8     44D8        A      470       0
                text30                             44CE     44CE        A      470       0
                text29                             450A     450A        2      470       0
                text28                             2EB0     2EB0      1AE      470       0
                text27                             43BC     43BC       1A      470       0
                text26                             1948     1948      46C      470       0
                text25                             3F34     3F34       6C      470       0
                text24                              8E0      8E0      A2A      470       0
                text23                             4250     4250       26      470       0
                text22                             422A     422A       26      470       0
                text21                             4384     4384       1C      470       0
                text20                             1DB4     1DB4      464      470       0
                text19                             44F6     44F6        8      470       0
                text18                             3818     3818      106      470       0
                text17                             4306     4306       22      470       0
                text16                             41DC     41DC       28      470       0
                text15                             130A     130A      63E      470       0
                text14                             391E     391E       E8      470       0
                text13                             2808     2808      29A      470       0
                text12                             2CB0     2CB0      200      470       0
                text11                             35CE     35CE      13C      470       0
                text10                             3D12     3D12       9E      470       0
                text9                              332C     332C      152      470       0
                text8                              2218     2218      2FE      470       0
                text7                              4504     4504        4      470       0
                text6                              44C4     44C4        A      470       0
                text5                              44BA     44BA        A      470       0
                text4                              4204     4204       26      470       0
                text3                              3FA0     3FA0       4E      470       0
                text2                              2516     2516      2F2      470       0
                text1                              4508     4508        2      470       0
                text0                              3A06     3A06       E6      470       0
                cstackCOMRAM                          1        1       51        1       1
                cstackBANK0                          B2       B2       3C       60       1
                bssBANK0                             60       60       52       60       1
                bssCOMRAM                            52       52        7        1       1
                cinit                              42E4     42E4       22      470       0

TOTAL           Name                               Link     Load   Length     Space
        CLASS   CODE           
                end_init                            8BA      8BA        4         0
                intcodelo                           818      818       A2         0
                reset_vec                           800      800        4         0
                text78                             44A8     44A8       12         0
                text76                             4496     4496       12         0
                text75                             3C5C     3C5C       B6         0
                text74                             4484     4484       12         0
                text73                             370A     370A      10E         0
                text72                             4366     4366       1E         0
                text71                             43EE     43EE       18         0
                text70                             3DB0     3DB0       96         0
                text69                             40BA     40BA       3E         0
                text68                             44FE     44FE        6         0
                text67                             40F8     40F8       34         0
                text66                             4432     4432       16         0
                text65                             44EC     44EC        A         0
                text64                             441C     441C       16         0
                text63                             4406     4406       16         0
                text62                             42C0     42C0       24         0
                text61                             3EBE     3EBE       76         0
                text60                             31C8     31C8      164         0
                text59                             2AA2     2AA2      20E         0
                text58                             415C     415C       2C         0
                text57                             3E46     3E46       78         0
                text56                             41B2     41B2       2A         0
                text55                             347E     347E      150         0
                text54                             305E     305E      16A         0
                text53                             3FEE     3FEE       4A         0
                text52                             3BA6     3BA6       B6         0
                text51                             4276     4276       26         0
                text50                             4348     4348       1E         0
                text49                             3AEC     3AEC       BA         0
                text48                             43A0     43A0       1C         0
                text47                             4328     4328       20         0
                text46                             407C     407C       3E         0
                text45                             429C     429C       24         0
                text44                             44E2     44E2        A         0
                text43                             4038     4038       44         0
                text42                             412C     412C       30         0
                text41                             4188     4188       2A         0
                text40                             4514     4514        2         0
                text39                             4512     4512        2         0
                text38                             4510     4510        2         0
                text37                             4470     4470       14         0
                text36                             43D6     43D6       18         0
                text35                             445C     445C       14         0
                text34                             4448     4448       14         0
                text33                             450E     450E        2         0
                text32                             450C     450C        2         0
                text31                             44D8     44D8        A         0
                text30                             44CE     44CE        A         0
                text29                             450A     450A        2         0
                text28                             2EB0     2EB0      1AE         0
                text27                             43BC     43BC       1A         0
                text26                             1948     1948      46C         0
                text25                             3F34     3F34       6C         0
                text24                              8E0      8E0      A2A         0
                text23                             4250     4250       26         0
                text22                             422A     422A       26         0
                text21                             4384     4384       1C         0
                text20                             1DB4     1DB4      464         0
                text19                             44F6     44F6        8         0
                text18                             3818     3818      106         0
                text17                             4306     4306       22         0
                text16                             41DC     41DC       28         0
                text15                             130A     130A      63E         0
                text14                             391E     391E       E8         0
                text13                             2808     2808      29A         0
                text12                             2CB0     2CB0      200         0
                text11                             35CE     35CE      13C         0
                text10                             3D12     3D12       9E         0
                text9                              332C     332C      152         0
                text8                              2218     2218      2FE         0
                text7                              4504     4504        4         0
                text6                              44C4     44C4        A         0
                text5                              44BA     44BA        A         0
                text4                              4204     4204       26         0
                text3                              3FA0     3FA0       4E         0
                text2                              2516     2516      2F2         0
                text1                              4508     4508        2         0
                text0                              3A06     3A06       E6         0
                cinit                              42E4     42E4       22         0

        CLASS   CONST          

        CLASS   SMALLCONST     
                smallconst                          8BE      8BE       22         0

        CLASS   MEDIUMCONST    

        CLASS   COMRAM         
                cstackCOMRAM                          1        1       51         1
                bssCOMRAM                            52       52        7         1

        CLASS   ABS1           

        CLASS   BIGRAM         

        CLASS   RAM            

        CLASS   BANK0          
                cstackBANK0                          B2       B2       3C         1
                bssBANK0                             60       60       52         1

        CLASS   BANK1          

        CLASS   BANK2          

        CLASS   BANK3          

        CLASS   BANK4          

        CLASS   BANK5          

        CLASS   SFR            

        CLASS   FARRAM         

        CLASS   CONFIG         
                config                           300000   300000        E         0

        CLASS   IDLOC          
                idloc                            200000   200000        8         0

        CLASS   EEDATA         



SEGMENTS        Name                           Load    Length   Top    Selector   Space  Class

                cstackCOMRAM                   000001  000058  000059         1       1  COMRAM  
                bssBANK0                       000060  00008E  0000EE        60       1  BANK0   
                reset_vec                      000800  000004  000804       400       0  CODE    
                intcodelo                      000818  0000A6  0008BE       40C       0  CODE    
                smallconst                     0008BE  000022  0008E0       45F       0  SMALLCON
                text24                         0008E0  003C36  004516       470       0  CODE    
                idloc                          200000  000008  200008    200000       0  IDLOC   
                config                         300000  00000E  30000E    300000       0  CONFIG  


UNUSED ADDRESS RANGES

        Name                Unused          Largest block    Delta
        BANK0            0000EE-0000FF               12
        BANK1            000100-0001FF              100
        BANK2            000200-0002FF              100
        BANK3            000300-0003FF              100
        BANK4            000400-0004FF              100
        BANK5            000500-0005FF              100
        BIGRAM           000059-00005F                7
                         0000EE-0005FF              512
        CODE             000804-000817               14
                         004516-007FFF             3AEA
        COMRAM           000059-00005F                7
        CONST            000804-000817               14
                         004516-007FFF             3AEA
        EEDATA           F00000-F000FF              100
        FARRAM           000000-000000                1
        MEDIUMCONST      000804-000817               14
                         004516-007FFF             3AEA
        RAM              0000EE-0005FF              100
        SFR              000D00-000FFF              100
        SMALLCONST       000804-000817               14
                         004516-007FFF              100

                                  Symbol Table

?_ECANReceiveMessage                     cstackCOMRAM 00000F
?_ECANSendMessage                        cstackCOMRAM 000012
?_Read_b_eep                             cstackCOMRAM 000008
?_SendInformationEvent                   cstackBANK0  0000C6
?_WriteTimer0                            cstackCOMRAM 000008
?_Write_b_eep                            cstackCOMRAM 000008
?__CANIDToRegs                           cstackCOMRAM 000008
?__ECANPointBuffer                       cstackCOMRAM 000008
?__RegsToCANID                           cstackCOMRAM 000008
?___lbmod                                cstackCOMRAM 000008
?_doActionDisable                        cstackCOMRAM 00000C
?_doActionOff                            cstackCOMRAM 000051
?_doActionOn                             cstackCOMRAM 000051
?_doActionPulse                          cstackCOMRAM 00000A
?_doActionStatus                         cstackCOMRAM 000051
?_doActionToggle                         cstackCOMRAM 000051
?_getCANFrame                            cstackCOMRAM 00001A
?_getVSCPFrame                           cstackCOMRAM 00001E
?_sendCANFrame                           cstackCOMRAM 000037
?_sendVSCPFrame                          cstackCOMRAM 00003F
?_vscp_getFamilyCode                     cstackCOMRAM 000008
?_vscp_getFamilyType                     cstackCOMRAM 000008
?_vscp_sendHeartBeat                     cstackBANK0  0000C6
?_vscp_setGUID                           cstackCOMRAM 00000C
?_vscp_setManufacturerId                 cstackCOMRAM 00000C
?_vscp_setUserID                         cstackCOMRAM 00000C
?_vscp_writeAppReg                       cstackCOMRAM 000051
?_vscp_writeRegister                     cstackBANK0  0000D0
?_vscp_writeStdReg                       cstackCOMRAM 000048
?i1_WriteTimer0                          cstackCOMRAM 000001
ECANReceiveMessage@data                  cstackCOMRAM 00000F
ECANReceiveMessage@dataLen               cstackCOMRAM 000010
ECANReceiveMessage@i                     cstackCOMRAM 000015
ECANReceiveMessage@id                    cstackCOMRAM 000014
ECANReceiveMessage@mode                  cstackCOMRAM 000016
ECANReceiveMessage@msgFlags              cstackCOMRAM 000011
ECANReceiveMessage@ptr                   cstackCOMRAM 000018
ECANReceiveMessage@savedPtr              cstackCOMRAM 000012
ECANReceiveMessage@temp                  cstackCOMRAM 000017
ECANSendMessage@buffers                  cstackCOMRAM 00002E
ECANSendMessage@data                     cstackCOMRAM 000016
ECANSendMessage@dataLen                  cstackCOMRAM 000018
ECANSendMessage@i                        cstackCOMRAM 000034
ECANSendMessage@id                       cstackCOMRAM 000012
ECANSendMessage@j                        cstackCOMRAM 00002F
ECANSendMessage@mode                     cstackCOMRAM 00002D
ECANSendMessage@msgFlags                 cstackCOMRAM 000019
ECANSendMessage@pb                       cstackCOMRAM 00001B
ECANSendMessage@ptr                      cstackCOMRAM 000035
ECANSendMessage@temp                     cstackCOMRAM 000033
ECANSendMessage@tempBSEL0                cstackCOMRAM 000030
ECANSendMessage@tempPtr                  cstackCOMRAM 000031
ECANSetOperationMode@mode                cstackCOMRAM 000008
OpenTimer0@config                        cstackCOMRAM 000008
Read_b_eep@badd                          cstackCOMRAM 000008
SendInformationEvent@data                cstackCOMRAM 00004D
SendInformationEvent@eventClass          cstackBANK0  0000C6
SendInformationEvent@eventTypeId         cstackBANK0  0000C7
SendInformationEvent@idx                 cstackCOMRAM 000050
WriteTimer0@timer                        cstackCOMRAM 00000A
WriteTimer0@timer0                       cstackCOMRAM 000008
Write_b_eep@GIE_BIT_VAL                  cstackCOMRAM 00000B
Write_b_eep@badd                         cstackCOMRAM 000008
Write_b_eep@bdat                         cstackCOMRAM 00000A
_B0CON                                   (abs)        000E20
_B0RXFUL                                 (abs)        007107
_B0TXEN                                  (abs)        006FC2
_B1CON                                   (abs)        000E30
_B1RXFUL                                 (abs)        007187
_B1TXEN                                  (abs)        006FC3
_B2CON                                   (abs)        000E40
_B2RXFUL                                 (abs)        007207
_B2TXEN                                  (abs)        006FC4
_B3CON                                   (abs)        000E50
_B3RXFUL                                 (abs)        007287
_B3TXEN                                  (abs)        006FC5
_B4CON                                   (abs)        000E60
_B4RXFUL                                 (abs)        007307
_B4TXEN                                  (abs)        006FC6
_B5CON                                   (abs)        000E70
_B5RXFUL                                 (abs)        007387
_B5TXEN                                  (abs)        006FC7
_BRGCON1                                 (abs)        000F70
_BRGCON2                                 (abs)        000F71
_BRGCON3                                 (abs)        000F72
_BSEL0                                   (abs)        000DF8
_Busy_eep                                text68       0044FE
_CANCON                                  (abs)        000F6F
_CIOCON                                  (abs)        000F73
_ECANCON                                 (abs)        000F77
_ECANInitialize                          text70       003DB0
_ECANReceiveMessage                      text59       002AA2
_ECANSendMessage                         text54       00305E
_ECANSetOperationMode                    text71       0043EE
_EEADR                                   (abs)        000FA9
_EECON1bits                              (abs)        000FA6
_EECON2                                  (abs)        000FA7
_EEDATA                                  (abs)        000FA8
_FIFOEMPTY                               (abs)        007BA7
_INTCONbits                              (abs)        000FF2
_IRXIF                                   (abs)        007D27
_LATBbits                                (abs)        000F8A
_LATCbits                                (abs)        000F8B
_MDSEL0                                  (abs)        007BBE
_MDSEL1                                  (abs)        007BBF
_MSEL0                                   (abs)        000DF0
_MSEL1                                   (abs)        000DF1
_MSEL2                                   (abs)        000DF2
_OpenTimer0                              text72       004366
_PORTA                                   (abs)        000F80
_PORTB                                   (abs)        000F81
_PORTC                                   (abs)        000F82
_PORTCbits                               (abs)        000F82
_RXB0CON                                 (abs)        000F60
_RXB0FILHIT0                             (abs)        007B00
_RXB0FUL                                 (abs)        007B07
_RXB0IF                                  (abs)        007D20
_RXB0OVFL                                (abs)        007BA7
_RXB1CON                                 (abs)        000F50
_RXB1CONbits                             (abs)        000F50
_RXB1IF                                  (abs)        007D21
_RXB1OVFL                                (abs)        007BA6
_RXF0EIDH                                (abs)        000F02
_RXF0EIDL                                (abs)        000F03
_RXF0SIDH                                (abs)        000F00
_RXF0SIDL                                (abs)        000F01
_RXF1EIDH                                (abs)        000F06
_RXF1EIDL                                (abs)        000F07
_RXF1EN                                  (abs)        006EA1
_RXF1SIDH                                (abs)        000F04
_RXF1SIDL                                (abs)        000F05
_RXFBCON0                                (abs)        000DE0
_RXFBCON1                                (abs)        000DE1
_RXFBCON2                                (abs)        000DE2
_RXFBCON3                                (abs)        000DE3
_RXFBCON4                                (abs)        000DE4
_RXFBCON5                                (abs)        000DE5
_RXFBCON6                                (abs)        000DE6
_RXFBCON7                                (abs)        000DE7
_RXFCON0                                 (abs)        000DD4
_RXFCON1                                 (abs)        000DD5
_RXM0EIDH                                (abs)        000F1A
_RXM0EIDL                                (abs)        000F1B
_RXM0EXIDM                               (abs)        0078CB
_RXM0SIDH                                (abs)        000F18
_RXM0SIDL                                (abs)        000F19
_RXM1EIDH                                (abs)        000F1E
_RXM1EIDL                                (abs)        000F1F
_RXM1EXIDEN                              (abs)        0078EB
_RXM1SIDH                                (abs)        000F1C
_RXM1SIDL                                (abs)        000F1D
_Read_b_eep                              text76       004496
_SendInformationEvent                    text25       003F34
_T0CON                                   (abs)        000FD5
_T0CONbits                               (abs)        000FD5
_TMR0H                                   (abs)        000FD7
_TMR0L                                   (abs)        000FD6
_TRISA                                   (abs)        000F92
_TRISB                                   (abs)        000F93
_TRISC                                   (abs)        000F94
_TXB0CON                                 (abs)        000F40
_TXB1CON                                 (abs)        000F30
_TXB2CON                                 (abs)        000F20
_WriteTimer0                             text74       004484
_Write_b_eep                             text67       0040F8
__CANIDToRegs                            text55       00347E
__CANIDToRegs@Value                      cstackCOMRAM 000011
__CANIDToRegs@ptr                        cstackCOMRAM 000008
__CANIDToRegs@type                       cstackCOMRAM 00000E
__CANIDToRegs@val                        cstackCOMRAM 00000A
__CFG_BBSIZ$2048                         (abs)        000000
__CFG_BOREN$BOACTIVE                     (abs)        000000
__CFG_BORV$3                             (abs)        000000
__CFG_CPB$ON                             (abs)        000000
__CFG_EBTR0$OFF                          (abs)        000000
__CFG_EBTR1$OFF                          (abs)        000000
__CFG_EBTR2$OFF                          (abs)        000000
__CFG_EBTR3$OFF                          (abs)        000000
__CFG_EBTRB$OFF                          (abs)        000000
__CFG_LVP$ON                             (abs)        000000
__CFG_OSC$HSPLL                          (abs)        000000
__CFG_STVREN$ON                          (abs)        000000
__CFG_WDT$ON                             (abs)        000000
__CFG_WDTPS$128                          (abs)        000000
__CFG_WRTD$OFF                           (abs)        000000
__ECANPointBuffer                        text61       003EBE
__ECANPointBuffer@b                      cstackCOMRAM 00000B
__ECANPointBuffer@pt                     cstackCOMRAM 00000C
__ECANRxFilterHitInfo                    bssCOMRAM    000054
__HRAM                                   (abs)        000000
__Habs1                                  abs1         000000
__Hbank0                                 bank0        000000
__Hbank1                                 bank1        000000
__Hbank2                                 bank2        000000
__Hbank3                                 bank3        000000
__Hbank4                                 bank4        000000
__Hbank5                                 bank5        000000
__Hbigbss                                bigbss       000000
__Hbigdata                               bigdata      000000
__Hbigram                                bigram       000000
__Hbss                                   bss          000000
__HbssBANK0                              bssBANK0     000000
__HbssCOMRAM                             bssCOMRAM    000000
__Hcinit                                 cinit        000000
__Hclrtext                               clrtext      000000
__Hcomram                                comram       000000
__Hconfig                                config       30000E
__Hconst                                 const        000000
__HcstackBANK0                           cstackBANK0  000000
__HcstackCOMRAM                          cstackCOMRAM 000000
__Hdata                                  data         000000
__Heeprom_data                           eeprom_data  000000
__Hend_init                              end_init     0008BE
__Hfarbss                                farbss       000000
__Hfardata                               fardata      000000
__Hibigdata                              ibigdata     000000
__Hidata                                 idata        000000
__Hidloc                                 idloc        200008
__Hifardata                              ifardata     000000
__Hinit                                  init         0008BA
__Hintcode                               intcode      000804
__Hintcode_body                          intcode_body 000000
__Hintcodelo                             intcodelo    0008BA
__Hintentry                              intentry     000000
__Hintret                                intret       000000
__Hintsave_regs                          intsave_regs 000000
__Hirdata                                irdata       000000
__Hmediumconst                           mediumconst  000000
__HnvFARRAM                              nvFARRAM     000000
__Hnvbit                                 nvbit        000000
__Hnvrram                                nvrram       000000
__Hparam                                 rparam       000000
__Hpowerup                               powerup      0008BA
__Hram                                   ram          000000
__Hramtop                                ramtop       000600
__Hrbit                                  rbit         000000
__Hrbss                                  rbss         000000
__Hrdata                                 rdata        000000
__Hreset_vec                             reset_vec    000804
__Hrparam                                rparam       000000
__Hsfr                                   sfr          000000
__Hsmallconst                            smallconst   0008E0
__Hstruct                                struct       000000
__Htemp                                  temp         000000
__Htext                                  text         000000
__Htext0                                 text0        000000
__Htext1                                 text1        000000
__Htext10                                text10       000000
__Htext11                                text11       000000
__Htext12                                text12       000000
__Htext13                                text13       000000
__Htext14                                text14       000000
__Htext15                                text15       000000
__Htext16                                text16       000000
__Htext17                                text17       000000
__Htext18                                text18       000000
__Htext19                                text19       000000
__Htext2                                 text2        000000
__Htext20                                text20       000000
__Htext21                                text21       000000
__Htext22                                text22       000000
__Htext23                                text23       000000
__Htext24                                text24       000000
__Htext25                                text25       000000
__Htext26                                text26       000000
__Htext27                                text27       000000
__Htext28                                text28       000000
__Htext29                                text29       000000
__Htext3                                 text3        000000
__Htext30                                text30       000000
__Htext31                                text31       000000
__Htext32                                text32       000000
__Htext33                                text33       000000
__Htext34                                text34       000000
__Htext35                                text35       000000
__Htext36                                text36       000000
__Htext37                                text37       000000
__Htext38                                text38       000000
__Htext39                                text39       000000
__Htext4                                 text4        000000
__Htext40                                text40       000000
__Htext41                                text41       000000
__Htext42                                text42       000000
__Htext43                                text43       000000
__Htext44                                text44       000000
__Htext45                                text45       000000
__Htext46                                text46       000000
__Htext47                                text47       000000
__Htext48                                text48       000000
__Htext49                                text49       000000
__Htext5                                 text5        000000
__Htext50                                text50       000000
__Htext51                                text51       000000
__Htext52                                text52       000000
__Htext53                                text53       000000
__Htext54                                text54       000000
__Htext55                                text55       000000
__Htext56                                text56       000000
__Htext57                                text57       000000
__Htext58                                text58       000000
__Htext59                                text59       000000
__Htext6                                 text6        000000
__Htext60                                text60       000000
__Htext61                                text61       000000
__Htext62                                text62       000000
__Htext63                                text63       000000
__Htext64                                text64       000000
__Htext65                                text65       000000
__Htext66                                text66       000000
__Htext67                                text67       000000
__Htext68                                text68       000000
__Htext69                                text69       000000
__Htext7                                 text7        000000
__Htext70                                text70       000000
__Htext71                                text71       000000
__Htext72                                text72       000000
__Htext73                                text73       000000
__Htext74                                text74       000000
__Htext75                                text75       000000
__Htext76                                text76       000000
__Htext78                                text78       000000
__Htext8                                 text8        000000
__Htext9                                 text9        000000
__LRAM                                   (abs)        000001
__Labs1                                  abs1         000000
__Lbank0                                 bank0        000000
__Lbank1                                 bank1        000000
__Lbank2                                 bank2        000000
__Lbank3                                 bank3        000000
__Lbank4                                 bank4        000000
__Lbank5                                 bank5        000000
__Lbigbss                                bigbss       000000
__Lbigdata                               bigdata      000000
__Lbigram                                bigram       000000
__Lbss                                   bss          000000
__LbssBANK0                              bssBANK0     000000
__LbssCOMRAM                             bssCOMRAM    000000
__Lcinit                                 cinit        000000
__Lclrtext                               clrtext      000000
__Lcomram                                comram       000000
__Lconfig                                config       300000
__Lconst                                 const        000000
__LcstackBANK0                           cstackBANK0  000000
__LcstackCOMRAM                          cstackCOMRAM 000000
__Ldata                                  data         000000
__Leeprom_data                           eeprom_data  000000
__Lend_init                              end_init     0008BA
__Lfarbss                                farbss       000000
__Lfardata                               fardata      000000
__Libigdata                              ibigdata     000000
__Lidata                                 idata        000000
__Lidloc                                 idloc        200000
__Lifardata                              ifardata     000000
__Linit                                  init         0008BA
__Lintcode                               intcode      000804
__Lintcode_body                          intcode_body 000000
__Lintcodelo                             intcodelo    000818
__Lintentry                              intentry     000000
__Lintret                                intret       000000
__Lintsave_regs                          intsave_regs 000000
__Lirdata                                irdata       000000
__Lmediumconst                           mediumconst  000000
__LnvFARRAM                              nvFARRAM     000000
__Lnvbit                                 nvbit        000000
__Lnvrram                                nvrram       000000
__Lparam                                 rparam       000000
__Lpowerup                               powerup      0008BA
__Lram                                   ram          000000
__Lramtop                                ramtop       000600
__Lrbit                                  rbit         000000
__Lrbss                                  rbss         000000
__Lrdata                                 rdata        000000
__Lreset_vec                             reset_vec    000800
__Lrparam                                rparam       000000
__Lsfr                                   sfr          000000
__Lsmallconst                            smallconst   0008BE
__Lstruct                                struct       000000
__Ltemp                                  temp         000000
__Ltext                                  text         000000
__Ltext0                                 text0        000000
__Ltext1                                 text1        000000
__Ltext10                                text10       000000
__Ltext11                                text11       000000
__Ltext12                                text12       000000
__Ltext13                                text13       000000
__Ltext14                                text14       000000
__Ltext15                                text15       000000
__Ltext16                                text16       000000
__Ltext17                                text17       000000
__Ltext18                                text18       000000
__Ltext19                                text19       000000
__Ltext2                                 text2        000000
__Ltext20                                text20       000000
__Ltext21                                text21       000000
__Ltext22                                text22       000000
__Ltext23                                text23       000000
__Ltext24                                text24       000000
__Ltext25                                text25       000000
__Ltext26                                text26       000000
__Ltext27                                text27       000000
__Ltext28                                text28       000000
__Ltext29                                text29       000000
__Ltext3                                 text3        000000
__Ltext30                                text30       000000
__Ltext31                                text31       000000
__Ltext32                                text32       000000
__Ltext33                                text33       000000
__Ltext34                                text34       000000
__Ltext35                                text35       000000
__Ltext36                                text36       000000
__Ltext37                                text37       000000
__Ltext38                                text38       000000
__Ltext39                                text39       000000
__Ltext4                                 text4        000000
__Ltext40                                text40       000000
__Ltext41                                text41       000000
__Ltext42                                text42       000000
__Ltext43                                text43       000000
__Ltext44                                text44       000000
__Ltext45                                text45       000000
__Ltext46                                text46       000000
__Ltext47                                text47       000000
__Ltext48                                text48       000000
__Ltext49                                text49       000000
__Ltext5                                 text5        000000
__Ltext50                                text50       000000
__Ltext51                                text51       000000
__Ltext52                                text52       000000
__Ltext53                                text53       000000
__Ltext54                                text54       000000
__Ltext55                                text55       000000
__Ltext56                                text56       000000
__Ltext57                                text57       000000
__Ltext58                                text58       000000
__Ltext59                                text59       000000
__Ltext6                                 text6        000000
__Ltext60                                text60       000000
__Ltext61                                text61       000000
__Ltext62                                text62       000000
__Ltext63                                text63       000000
__Ltext64                                text64       000000
__Ltext65                                text65       000000
__Ltext66                                text66       000000
__Ltext67                                text67       000000
__Ltext68                                text68       000000
__Ltext69                                text69       000000
__Ltext7                                 text7        000000
__Ltext70                                text70       000000
__Ltext71                                text71       000000
__Ltext72                                text72       000000
__Ltext73                                text73       000000
__Ltext74                                text74       000000
__Ltext75                                text75       000000
__Ltext76                                text76       000000
__Ltext78                                text78       000000
__Ltext8                                 text8        000000
__Ltext9                                 text9        000000
__RegsToCANID                            text60       0031C8
__RegsToCANID@Value                      cstackCOMRAM 00000E
__RegsToCANID@ptr                        cstackCOMRAM 000008
__RegsToCANID@type                       cstackCOMRAM 00000B
__RegsToCANID@val                        cstackCOMRAM 00000A
__S0                                     (abs)        30000E
__S1                                     (abs)        0000EE
___lbmod                                 text16       0041DC
___lbmod@counter                         cstackCOMRAM 00000A
___lbmod@dividend                        cstackCOMRAM 000009
___lbmod@divisor                         cstackCOMRAM 000008
___lbmod@rem                             cstackCOMRAM 00000B
__accesstop                              (abs)        000060
__activetblptr                           (abs)        000002
__end_of_Busy_eep                        text68       004504
__end_of_ECANInitialize                  text70       003E46
__end_of_ECANReceiveMessage              text59       002CB0
__end_of_ECANSendMessage                 text54       0031C8
__end_of_ECANSetOperationMode            text71       004406
__end_of_OpenTimer0                      text72       004384
__end_of_Read_b_eep                      text76       0044A8
__end_of_SendInformationEvent            text25       003FA0
__end_of_WriteTimer0                     text74       004496
__end_of_Write_b_eep                     text67       00412C
__end_of__CANIDToRegs                    text55       0035CE
__end_of__ECANPointBuffer                text61       003F34
__end_of__RegsToCANID                    text60       00332C
__end_of___lbmod                         text16       004204
__end_of__initialization                 cinit        0042FC
__end_of_calculateSetFilterMask          text26       001DB4
__end_of_doActionDisable                 text10       003DB0
__end_of_doActionOff                     text14       003A06
__end_of_doActionOn                      text13       002AA2
__end_of_doActionPulse                   text12       002EB0
__end_of_doActionStatus                  text11       00370A
__end_of_doActionToggle                  text9        00347E
__end_of_doApplicationOneSecondWork      text2        002808
__end_of_doDM                            text8        002516
__end_of_doWork                          text1        00450A
__end_of_getCANFrame                     text58       004188
__end_of_getVSCPFrame                    text57       003EBE
__end_of_init                            text69       0040F8
__end_of_init_app_eeprom                 text20       002218
__end_of_init_app_ram                    text73       003818
__end_of_interrupt_at_low_vector         intcodelo    0008BA
__end_of_main                            text0        003AEC
__end_of_sendCANFrame                    text53       004038
__end_of_sendVSCPFrame                   text52       003C5C
__end_of_vscp_check_pstorage             text62       0042E4
__end_of_vscp_deviceURL                  smallconst   0008DE
__end_of_vscp_doOneSecondWork            text3        003FEE
__end_of_vscp_error                      text7        004508
__end_of_vscp_getBootLoaderAlgorithm     text33       004510
__end_of_vscp_getBufferSize              text32       00450E
__end_of_vscp_getEvent                   text56       0041DC
__end_of_vscp_getFamilyCode              text31       0044E2
__end_of_vscp_getFamilyType              text30       0044D8
__end_of_vscp_getGUID                    text37       004484
__end_of_vscp_getMDF_URL                 text36       0043EE
__end_of_vscp_getMajorVersion            text40       004516
__end_of_vscp_getManufacturerId          text34       00445C
__end_of_vscp_getMatrixInfo              text47       004348
__end_of_vscp_getMinorVersion            text39       004514
__end_of_vscp_getRegisterPagesUsed       text29       00450C
__end_of_vscp_getSegmentCRC              text65       0044F6
__end_of_vscp_getSubMinorVersion         text38       004512
__end_of_vscp_getSubzone                 text5        0044C4
__end_of_vscp_getUserID                  text35       004470
__end_of_vscp_getZone                    text6        0044CE
__end_of_vscp_goActiveState              text50       004366
__end_of_vscp_goBootloaderMode           text48       0043BC
__end_of_vscp_handleDropNickname         text42       00415C
__end_of_vscp_handleHeartbeat            text46       0040BA
__end_of_vscp_handleProbeState           text49       003BA6
__end_of_vscp_handleProtocolEvent        text15       001948
__end_of_vscp_handleSetNickname          text45       0042C0
__end_of_vscp_init                       text43       00407C
__end_of_vscp_newNodeOnline              text41       0041B2
__end_of_vscp_readAppReg                 text75       003D12
__end_of_vscp_readNicknamePermanent      text44       0044EC
__end_of_vscp_readRegister               text27       0043D6
__end_of_vscp_readStdReg                 text28       00305E
__end_of_vscp_restoreDefaults            text19       0044FE
__end_of_vscp_sendEvent                  text51       00429C
__end_of_vscp_sendHeartBeat              text4        00422A
__end_of_vscp_setControlByte             text63       00441C
__end_of_vscp_setGUID                    text23       004276
__end_of_vscp_setManufacturerId          text22       004250
__end_of_vscp_setSegmentCRC              text64       004432
__end_of_vscp_setUserID                  text21       0043A0
__end_of_vscp_writeAppReg                text24       00130A
__end_of_vscp_writeNicknamePermanent     text66       004448
__end_of_vscp_writeRegister              text17       004328
__end_of_vscp_writeStdReg                text18       00391E
__end_ofi1_WriteTimer0                   text78       0044BA
__initialization                         cinit        0042E4
__mediumconst                            mediumconst  000000
__pbssBANK0                              bssBANK0     000060
__pbssCOMRAM                             bssCOMRAM    000052
__pcinit                                 cinit        0042E4
__pcstackBANK0                           cstackBANK0  0000B2
__pcstackCOMRAM                          cstackCOMRAM 000001
__pintcodelo                             intcodelo    000818
__psmallconst                            smallconst   0008BE
__ptext0                                 text0        003A06
__ptext1                                 text1        004508
__ptext10                                text10       003D12
__ptext11                                text11       0035CE
__ptext12                                text12       002CB0
__ptext13                                text13       002808
__ptext14                                text14       00391E
__ptext15                                text15       00130A
__ptext16                                text16       0041DC
__ptext17                                text17       004306
__ptext18                                text18       003818
__ptext19                                text19       0044F6
__ptext2                                 text2        002516
__ptext20                                text20       001DB4
__ptext21                                text21       004384
__ptext22                                text22       00422A
__ptext23                                text23       004250
__ptext24                                text24       0008E0
__ptext25                                text25       003F34
__ptext26                                text26       001948
__ptext27                                text27       0043BC
__ptext28                                text28       002EB0
__ptext29                                text29       00450A
__ptext3                                 text3        003FA0
__ptext30                                text30       0044CE
__ptext31                                text31       0044D8
__ptext32                                text32       00450C
__ptext33                                text33       00450E
__ptext34                                text34       004448
__ptext35                                text35       00445C
__ptext36                                text36       0043D6
__ptext37                                text37       004470
__ptext38                                text38       004510
__ptext39                                text39       004512
__ptext4                                 text4        004204
__ptext40                                text40       004514
__ptext41                                text41       004188
__ptext42                                text42       00412C
__ptext43                                text43       004038
__ptext44                                text44       0044E2
__ptext45                                text45       00429C
__ptext46                                text46       00407C
__ptext47                                text47       004328
__ptext48                                text48       0043A0
__ptext49                                text49       003AEC
__ptext5                                 text5        0044BA
__ptext50                                text50       004348
__ptext51                                text51       004276
__ptext52                                text52       003BA6
__ptext53                                text53       003FEE
__ptext54                                text54       00305E
__ptext55                                text55       00347E
__ptext56                                text56       0041B2
__ptext57                                text57       003E46
__ptext58                                text58       00415C
__ptext59                                text59       002AA2
__ptext6                                 text6        0044C4
__ptext60                                text60       0031C8
__ptext61                                text61       003EBE
__ptext62                                text62       0042C0
__ptext63                                text63       004406
__ptext64                                text64       00441C
__ptext65                                text65       0044EC
__ptext66                                text66       004432
__ptext67                                text67       0040F8
__ptext68                                text68       0044FE
__ptext69                                text69       0040BA
__ptext7                                 text7        004504
__ptext70                                text70       003DB0
__ptext71                                text71       0043EE
__ptext72                                text72       004366
__ptext73                                text73       00370A
__ptext74                                text74       004484
__ptext75                                text75       003C5C
__ptext76                                text76       004496
__ptext78                                text78       0044A8
__ptext8                                 text8        002218
__ptext9                                 text9        00332C
__ramtop                                 ramtop       000600
__size_of_Busy_eep                       (abs)        000000
__size_of_ECANInitialize                 (abs)        000000
__size_of_ECANReceiveMessage             (abs)        000000
__size_of_ECANSendMessage                (abs)        000000
__size_of_ECANSetOperationMode           (abs)        000000
__size_of_OpenTimer0                     (abs)        000000
__size_of_Read_b_eep                     (abs)        000000
__size_of_SendInformationEvent           (abs)        000000
__size_of_WriteTimer0                    (abs)        000000
__size_of_Write_b_eep                    (abs)        000000
__size_of__CANIDToRegs                   (abs)        000000
__size_of__ECANPointBuffer               (abs)        000000
__size_of__RegsToCANID                   (abs)        000000
__size_of___lbmod                        (abs)        000000
__size_of_calculateSetFilterMask         (abs)        000000
__size_of_doActionDisable                (abs)        000000
__size_of_doActionOff                    (abs)        000000
__size_of_doActionOn                     (abs)        000000
__size_of_doActionPulse                  (abs)        000000
__size_of_doActionStatus                 (abs)        000000
__size_of_doActionToggle                 (abs)        000000
__size_of_doApplicationOneSecondWork     (abs)        000000
__size_of_doDM                           (abs)        000000
__size_of_doWork                         (abs)        000000
__size_of_getCANFrame                    (abs)        000000
__size_of_getVSCPFrame                   (abs)        000000
__size_of_init                           (abs)        000000
__size_of_init_app_eeprom                (abs)        000000
__size_of_init_app_ram                   (abs)        000000
__size_of_interrupt_at_low_vector        (abs)        000000
__size_of_main                           (abs)        000000
__size_of_sendCANFrame                   (abs)        000000
__size_of_sendVSCPFrame                  (abs)        000000
__size_of_vscp_check_pstorage            (abs)        000000
__size_of_vscp_doOneSecondWork           (abs)        000000
__size_of_vscp_error                     (abs)        000000
__size_of_vscp_getBootLoaderAlgorithm    (abs)        000000
__size_of_vscp_getBufferSize             (abs)        000000
__size_of_vscp_getEvent                  (abs)        000000
__size_of_vscp_getFamilyCode             (abs)        000000
__size_of_vscp_getFamilyType             (abs)        000000
__size_of_vscp_getGUID                   (abs)        000000
__size_of_vscp_getMDF_URL                (abs)        000000
__size_of_vscp_getMajorVersion           (abs)        000000
__size_of_vscp_getManufacturerId         (abs)        000000
__size_of_vscp_getMatrixInfo             (abs)        000000
__size_of_vscp_getMinorVersion           (abs)        000000
__size_of_vscp_getRegisterPagesUsed      (abs)        000000
__size_of_vscp_getSegmentCRC             (abs)        000000
__size_of_vscp_getSubMinorVersion        (abs)        000000
__size_of_vscp_getSubzone                (abs)        000000
__size_of_vscp_getUserID                 (abs)        000000
__size_of_vscp_getZone                   (abs)        000000
__size_of_vscp_goActiveState             (abs)        000000
__size_of_vscp_goBootloaderMode          (abs)        000000
__size_of_vscp_handleDropNickname        (abs)        000000
__size_of_vscp_handleHeartbeat           (abs)        000000
__size_of_vscp_handleProbeState          (abs)        000000
__size_of_vscp_handleProtocolEvent       (abs)        000000
__size_of_vscp_handleSetNickname         (abs)        000000
__size_of_vscp_init                      (abs)        000000
__size_of_vscp_newNodeOnline             (abs)        000000
__size_of_vscp_readAppReg                (abs)        000000
__size_of_vscp_readNicknamePermanent     (abs)        000000
__size_of_vscp_readRegister              (abs)        000000
__size_of_vscp_readStdReg                (abs)        000000
__size_of_vscp_restoreDefaults           (abs)        000000
__size_of_vscp_sendEvent                 (abs)        000000
__size_of_vscp_sendHeartBeat             (abs)        000000
__size_of_vscp_setControlByte            (abs)        000000
__size_of_vscp_setGUID                   (abs)        000000
__size_of_vscp_setManufacturerId         (abs)        000000
__size_of_vscp_setSegmentCRC             (abs)        000000
__size_of_vscp_setUserID                 (abs)        000000
__size_of_vscp_writeAppReg               (abs)        000000
__size_of_vscp_writeNicknamePermanent    (abs)        000000
__size_of_vscp_writeRegister             (abs)        000000
__size_of_vscp_writeStdReg               (abs)        000000
__size_ofi1_WriteTimer0                  (abs)        000000
__smallconst                             smallconst   0008BE
_calculateSetFilterMask                  text26       001948
_doActionDisable                         text10       003D12
_doActionOff                             text14       00391E
_doActionOn                              text13       002808
_doActionPulse                           text12       002CB0
_doActionStatus                          text11       0035CE
_doActionToggle                          text9        00332C
_doApplicationOneSecondWork              text2        002516
_doDM                                    text8        002218
_doDM$2152                               cstackBANK0  0000D7
_doDM$2153                               cstackBANK0  0000D8
_doDM$2154                               cstackBANK0  0000D9
_doDM$2155                               cstackBANK0  0000DA
_doDM$2156                               cstackBANK0  0000DB
_doDM$2157                               cstackBANK0  0000DC
_doWork                                  text1        004508
_getCANFrame                             text58       00415C
_getVSCPFrame                            text57       003E46
_hours                                   bssBANK0     00008A
_init                                    text69       0040BA
_init_app_eeprom                         text20       001DB4
_init_app_ram                            text73       00370A
_interrupt_at_low_vector                 intcodelo    000818
_main                                    text0        003A06
_measurement_clock                       bssBANK0     000080
_minutes                                 bssBANK0     00008B
_relay_protection_timer                  bssBANK0     000060
_relay_pulse_flags                       bssBANK0     00008C
_relay_pulse_timer                       bssBANK0     000070
_seconds                                 bssBANK0     00008D
_sendCANFrame                            text53       003FEE
_sendTimer                               bssBANK0     000084
_sendVSCPFrame                           text52       003BA6
_vscp_alarmstatus                        bssCOMRAM    000055
_vscp_check_pstorage                     text62       0042C0
_vscp_configtimer                        bssBANK0     000086
_vscp_deviceURL                          smallconst   0008BE
_vscp_doOneSecondWork                    text3        003FA0
_vscp_error                              text7        004504
_vscp_getBootLoaderAlgorithm             text33       00450E
_vscp_getBufferSize                      text32       00450C
_vscp_getEvent                           text56       0041B2
_vscp_getFamilyCode                      text31       0044D8
_vscp_getFamilyType                      text30       0044CE
_vscp_getGUID                            text37       004470
_vscp_getMDF_URL                         text36       0043D6
_vscp_getMajorVersion                    text40       004514
_vscp_getManufacturerId                  text34       004448
_vscp_getMatrixInfo                      text47       004328
_vscp_getMinorVersion                    text39       004512
_vscp_getRegisterPagesUsed               text29       00450A
_vscp_getSegmentCRC                      text65       0044EC
_vscp_getSubMinorVersion                 text38       004510
_vscp_getSubzone                         text5        0044BA
_vscp_getUserID                          text35       00445C
_vscp_getZone                            text6        0044C4
_vscp_goActiveState                      text50       004348
_vscp_goBootloaderMode                   text48       0043A0
_vscp_guid_reset                         bssBANK0     00008E
_vscp_handleDropNickname                 text42       00412C
_vscp_handleHeartbeat                    text46       00407C
_vscp_handleProbeState                   text49       003AEC
_vscp_handleProtocolEvent                text15       00130A
_vscp_handleSetNickname                  text45       00429C
_vscp_hour                               bssBANK0     00008F
_vscp_imsg                               bssBANK0     000097
_vscp_init                               text43       004038
_vscp_initbtncnt                         bssBANK0     000090
_vscp_initledfunc                        bssCOMRAM    000056
_vscp_minute                             bssBANK0     000091
_vscp_newNodeOnline                      text41       004188
_vscp_nickname                           bssBANK0     000092
_vscp_node_state                         bssBANK0     000093
_vscp_node_substate                      bssBANK0     000094
_vscp_omsg                               bssBANK0     0000A5
_vscp_page_select                        bssCOMRAM    000052
_vscp_probe_address                      bssCOMRAM    000057
_vscp_probe_cnt                          bssBANK0     000095
_vscp_readAppReg                         text75       003C5C
_vscp_readNicknamePermanent              text44       0044E2
_vscp_readRegister                       text27       0043BC
_vscp_readStdReg                         text28       002EB0
_vscp_restoreDefaults                    text19       0044F6
_vscp_second                             bssBANK0     000096
_vscp_sendEvent                          text51       004276
_vscp_sendHeartBeat                      text4        004204
_vscp_setControlByte                     text63       004406
_vscp_setGUID                            text23       004250
_vscp_setManufacturerId                  text22       00422A
_vscp_setSegmentCRC                      text64       00441C
_vscp_setUserID                          text21       004384
_vscp_statuscnt                          bssCOMRAM    000058
_vscp_timer                              bssBANK0     000088
_vscp_writeAppReg                        text24       0008E0
_vscp_writeNicknamePermanent             text66       004432
_vscp_writeRegister                      text17       004306
_vscp_writeStdReg                        text18       003818
calculateSetFilterMask@filter            cstackCOMRAM 00003A
calculateSetFilterMask@i                 cstackCOMRAM 000043
calculateSetFilterMask@j                 cstackCOMRAM 000042
calculateSetFilterMask@lastOID           cstackCOMRAM 000035
calculateSetFilterMask@mask              cstackCOMRAM 000036
calculateSetFilterMask@rowfilter         cstackCOMRAM 00003E
calculateSetFilterMask@rowmask           cstackCOMRAM 000031
doActionDisable@arg                      cstackCOMRAM 00000C
doActionDisable@dmflags                  cstackCOMRAM 000010
doActionDisable@i                        cstackCOMRAM 000011
doActionDisable@val                      cstackCOMRAM 00000F
doActionOff@arg                          cstackCOMRAM 000051
doActionOff@dmflags                      cstackBANK0  0000CA
doActionOff@i                            cstackBANK0  0000CC
doActionOff@val                          cstackBANK0  0000CB
doActionOn@arg                           cstackCOMRAM 000051
doActionOn@dmflags                       cstackBANK0  0000CB
doActionOn@i                             cstackBANK0  0000CD
doActionOn@val                           cstackBANK0  0000CC
doActionPulse@arg                        cstackCOMRAM 00000A
doActionPulse@dmflags                    cstackCOMRAM 00000F
doActionPulse@i                          cstackCOMRAM 000010
doActionPulse@val                        cstackCOMRAM 00000E
doActionStatus@arg                       cstackCOMRAM 000051
doActionStatus@bOn                       cstackBANK0  0000CB
doActionStatus@dmflags                   cstackBANK0  0000CA
doActionStatus@i                         cstackBANK0  0000CD
doActionStatus@val                       cstackBANK0  0000CC
doActionToggle@arg                       cstackCOMRAM 000051
doActionToggle@bOn                       cstackBANK0  0000CC
doActionToggle@dmflags                   cstackBANK0  0000CA
doActionToggle@i                         cstackBANK0  0000CD
doActionToggle@val                       cstackBANK0  0000CB
doApplicationOneSecondWork@bOn           cstackBANK0  0000D0
doApplicationOneSecondWork@ctrlreg       cstackBANK0  0000D1
doApplicationOneSecondWork@i             cstackBANK0  0000D2
doDM@class_filter                        cstackBANK0  0000D1
doDM@class_mask                          cstackBANK0  0000D3
doDM@dmflags                             cstackBANK0  0000DD
doDM@i                                   cstackBANK0  0000DE
doDM@type_filter                         cstackBANK0  0000D5
doDM@type_mask                           cstackBANK0  0000D6
end_of_initialization                    cinit        0042FC
getCANFrame@flags                        cstackCOMRAM 00001D
getCANFrame@pdata                        cstackCOMRAM 00001B
getCANFrame@pdlc                         cstackCOMRAM 00001A
getCANFrame@pid                          cstackCOMRAM 00001C
getVSCPFrame@id                          cstackCOMRAM 000028
getVSCPFrame@pData                       cstackCOMRAM 000022
getVSCPFrame@pNodeId                     cstackCOMRAM 00001F
getVSCPFrame@pPriority                   cstackCOMRAM 000020
getVSCPFrame@pSize                       cstackCOMRAM 000021
getVSCPFrame@pvscpclass                  cstackCOMRAM 000027
getVSCPFrame@pvscptype                   cstackCOMRAM 00001E
i1WriteTimer0@timer                      cstackCOMRAM 000003
i1WriteTimer0@timer0                     cstackCOMRAM 000001
i1_WriteTimer0                           text78       0044A8
init_app_eeprom@i                        cstackCOMRAM 000046
init_app_eeprom@j                        cstackCOMRAM 000047
init_app_ram@i                           cstackCOMRAM 00000C
intlevel0                                text         000000
intlevel1                                text         000000
intlevel2                                text         000000
intlevel3                                text         000000
sendCANFrame@dlc                         cstackCOMRAM 00003B
sendCANFrame@id                          cstackCOMRAM 000037
sendCANFrame@pdata                       cstackCOMRAM 00003C
sendCANFrame@rv                          cstackCOMRAM 00003E
sendVSCPFrame@id                         cstackCOMRAM 000047
sendVSCPFrame@nodeid                     cstackCOMRAM 000042
sendVSCPFrame@pData                      cstackCOMRAM 000045
sendVSCPFrame@priority                   cstackCOMRAM 000043
sendVSCPFrame@size                       cstackCOMRAM 000044
sendVSCPFrame@vscpclass                  cstackCOMRAM 00003F
sendVSCPFrame@vscptype                   cstackCOMRAM 000041
start                                    init         0008BA
start_initialization                     cinit        0042E4
vscp_getEvent@rv                         cstackCOMRAM 00002C
vscp_getGUID@idx                         cstackCOMRAM 00000A
vscp_getMDF_URL@idx                      cstackCOMRAM 000009
vscp_getManufacturerId@idx               cstackCOMRAM 00000A
vscp_getMatrixInfo@i                     cstackCOMRAM 000008
vscp_getUserID@idx                       cstackCOMRAM 00000A
vscp_goBootloaderMode@algorithm          cstackCOMRAM 00000C
vscp_handleDropNickname@bytes            cstackCOMRAM 00000D
vscp_handleProtocolEvent@byte            cstackBANK0  0000E8
vscp_handleProtocolEvent@bytes           cstackBANK0  0000DF
vscp_handleProtocolEvent@bytes_1289      cstackBANK0  0000E9
vscp_handleProtocolEvent@bytes_this_time cstackBANK0  0000E3
vscp_handleProtocolEvent@cb              cstackBANK0  0000E4
vscp_handleProtocolEvent@i               cstackBANK0  0000EC
vscp_handleProtocolEvent@i_1282          cstackBANK0  0000E7
vscp_handleProtocolEvent@i_1285          cstackBANK0  0000EB
vscp_handleProtocolEvent@i_1293          cstackBANK0  0000E5
vscp_handleProtocolEvent@j               cstackBANK0  0000ED
vscp_handleProtocolEvent@k               cstackBANK0  0000E6
vscp_handleProtocolEvent@len             cstackBANK0  0000E0
vscp_handleProtocolEvent@len_1284        cstackBANK0  0000E2
vscp_handleProtocolEvent@offset          cstackBANK0  0000DD
vscp_handleProtocolEvent@page_save       cstackBANK0  0000D9
vscp_handleProtocolEvent@page_save_1294  cstackBANK0  0000DB
vscp_handleProtocolEvent@pos             cstackBANK0  0000DE
vscp_handleProtocolEvent@pos_1283        cstackBANK0  0000E1
vscp_readAppReg@reg                      cstackCOMRAM 00000B
vscp_readAppReg@rv                       cstackCOMRAM 00000A
vscp_readRegister@reg                    cstackCOMRAM 00001D
vscp_readStdReg@code                     cstackCOMRAM 000011
vscp_readStdReg@code_1267                cstackCOMRAM 000015
vscp_readStdReg@idx                      cstackCOMRAM 000019
vscp_readStdReg@idx_1268                 cstackCOMRAM 00001A
vscp_readStdReg@reg                      cstackCOMRAM 00001C
vscp_readStdReg@rv                       cstackCOMRAM 00001B
vscp_sendHeartBeat@subzone               cstackBANK0  0000C6
vscp_sendHeartBeat@zone                  cstackCOMRAM 00004C
vscp_setControlByte@ctrl                 cstackCOMRAM 00000C
vscp_setGUID@data                        cstackCOMRAM 00000C
vscp_setGUID@idx                         cstackCOMRAM 00000D
vscp_setManufacturerId@data              cstackCOMRAM 00000C
vscp_setManufacturerId@idx               cstackCOMRAM 00000D
vscp_setSegmentCRC@crc                   cstackCOMRAM 00000C
vscp_setUserID@data                      cstackCOMRAM 00000C
vscp_setUserID@idx                       cstackCOMRAM 00000D
vscp_writeAppReg@bInfoEvent              cstackBANK0  0000CB
vscp_writeAppReg@bOn                     cstackBANK0  0000CE
vscp_writeAppReg@reg                     cstackBANK0  0000CF
vscp_writeAppReg@rv                      cstackBANK0  0000CD
vscp_writeAppReg@val                     cstackCOMRAM 000051
vscp_writeAppReg@val_682                 cstackBANK0  0000CC
vscp_writeNicknamePermanent@nickname     cstackCOMRAM 00000C
vscp_writeRegister@reg                   cstackBANK0  0000D1
vscp_writeRegister@value                 cstackBANK0  0000D0
vscp_writeStdReg@reg                     cstackCOMRAM 00004E
vscp_writeStdReg@rv                      cstackCOMRAM 00004D
vscp_writeStdReg@value                   cstackCOMRAM 000048


FUNCTION INFORMATION:

 *************** function _main *****************
 Defined at:
		line 188 in file "../main.c"
 Parameters:    Size  Location     Type
		None
 Auto vars:     Size  Location     Type
		None
 Return value:  Size  Location     Type
		None               void
 Registers used:
		wreg, fsr0l, fsr0h, fsr1l, fsr1h, fsr1l, fsr1h, fsr2l, fsr2h, status,2, status,0, pclat, btemp, btemp+1, btemp+2, btemp+3, btemp+4, btemp+5, btemp+6, btemp+7, tosl, structret, tblptrl, tblptrh, tblptru, prodl, prodh, bsr, cstack
[...]
      Locals:         1       0       0       0       0       0       0
      Temps:          0       0       0       0       0       0       0
      Totals:         1       0       0       0       0       0       0
Total ram usage:        1 bytes
 Hardware stack levels used:    1
 Hardware stack levels required when called:    3
 This function calls:
		_Busy_eep
		_Write_b_eep
 This function is called by:
		_vscp_check_pstorage
		_vscp_handleProbeState
		_vscp_handleHeartbeat
		_vscp_handleSetNickname
		_vscp_handleDropNickname
 This function uses a non-reentrant model


 *************** function _Write_b_eep *****************
 Defined at:
		line 31 in file "C:\Program Files (x86)\Microchip\xc8\v1.21\sources\pic18\plib\EEP\write_B.c"
 Parameters:    Size  Location     Type
  badd            2    7[COMRAM] unsigned int 
  bdat            1    9[COMRAM] unsigned char 
 Auto vars:     Size  Location     Type
  GIE_BIT_VAL     1   10[COMRAM] unsigned char 
 Return value:  Size  Location     Type
		None               void
 Registers used:
		wreg, status,2
 Tracked objects:
		On entry : 
		On exit  : 
		Unchanged: 
 Data sizes:     COMRAM   BANK0   BANK1   BANK2   BANK3   BANK4   BANK5
      Params:         3       0       0       0       0       0       0
      Locals:         1       0       0       0       0       0       0
      Temps:          0       0       0       0       0       0       0
      Totals:         4       0       0       0       0       0       0
Total ram usage:        4 bytes
 Hardware stack levels used:    1
 Hardware stack levels required when called:    2
 This function calls:
		Nothing
 This function is called by:
		_main
		_init_app_eeprom
		_vscp_setGUID
		_vscp_setManufacturerId
		_vscp_writeNicknamePermanent
		_vscp_writeAppReg
		_doActionDisable
		_vscp_setUserID
		_vscp_setSegmentCRC
		_vscp_setControlByte
		_vscp_goBootloaderMode
 This function uses a non-reentrant model


 *************** function _Busy_eep *****************
 Defined at:
		line 13 in file "C:\Program Files (x86)\Microchip\xc8\v1.21\sources\pic18\plib\EEP\busy_eep.c"
 Parameters:    Size  Location     Type
		None
 Auto vars:     Size  Location     Type
		None
 Return value:  Size  Location     Type
		None               void
 Registers used:
		None
 Tracked objects:
		On entry : 
		On exit  : 
		Unchanged: 
 Data sizes:     COMRAM   BANK0   BANK1   BANK2   BANK3   BANK4   BANK5
      Params:         0       0       0       0       0       0       0
      Locals:         0       0       0       0       0       0       0
      Temps:          0       0       0       0       0       0       0
      Totals:         0       0       0       0       0       0       0
Total ram usage:        0 bytes
 Hardware stack levels used:    1
 Hardware stack levels required when called:    2
 This function calls:
		Nothing
 This function is called by:
		_main
		_init_app_eeprom
		_vscp_setGUID
		_vscp_setManufacturerId
		_vscp_writeNicknamePermanent
		_vscp_writeAppReg
		_doActionDisable
		_vscp_setUserID
		_vscp_setSegmentCRC
		_vscp_setControlByte
		_vscp_goBootloaderMode
 This function uses a non-reentrant model


 *************** function _init *****************
 Defined at:
		line 321 in file "../main.c"
 Parameters:    Size  Location     Type
		None
 Auto vars:     Size  Location     Type
		None
 Return value:  Size  Location     Type
		None               void
 Registers used:
		wreg, fsr2l, fsr2h, status,2, status,0, prodl, prodh, cstack
 Tracked objects:
		On entry : 
		On exit  : 
		Unchanged: 
 Data sizes:     COMRAM   BANK0   BANK1   BANK2   BANK3   BANK4   BANK5
      Params:         0       0       0       0       0       0       0
      Locals:         0       0       0       0       0       0       0
      Temps:          0       0       0       0       0       0       0
      Totals:         0       0       0       0       0       0       0
Total ram usage:        0 bytes
 Hardware stack levels used:    1
 Hardware stack levels required when called:    4
 This function calls:
		_WriteTimer0
		_init_app_ram
		_OpenTimer0
		_ECANInitialize
 This function is called by:
		_main
 This function uses a non-reentrant model


 *************** function _ECANInitialize *****************
 Defined at:
		line 168 in file "../ECAN.c"
 Parameters:    Size  Location     Type
		None
 Auto vars:     Size  Location     Type
		None
 Return value:  Size  Location     Type
		None               void
 Registers used:
		wreg, status,2, status,0, cstack
 Tracked objects:
		On entry : 
		On exit  : 
		Unchanged: 
 Data sizes:     COMRAM   BANK0   BANK1   BANK2   BANK3   BANK4   BANK5
      Params:         0       0       0       0       0       0       0
      Locals:         0       0       0       0       0       0       0
      Temps:          0       0       0       0       0       0       0
      Totals:         0       0       0       0       0       0       0
Total ram usage:        0 bytes
 Hardware stack levels used:    1
 Hardware stack levels required when called:    3
 This function calls:
		_ECANSetOperationMode
 This function is called by:
		_init
 This function uses a non-reentrant model


 *************** function _ECANSetOperationMode *****************
 Defined at:
		line 1012 in file "../ECAN.c"
 Parameters:    Size  Location     Type
  mode            1    wreg     enum E16337
 Auto vars:     Size  Location     Type
  mode            1    7[COMRAM] enum E16337
 Return value:  Size  Location     Type
		None               void
 Registers used:
		wreg, status,2, status,0
 Tracked objects:
		On entry : 
		On exit  : 
		Unchanged: 
 Data sizes:     COMRAM   BANK0   BANK1   BANK2   BANK3   BANK4   BANK5
      Params:         0       0       0       0       0       0       0
      Locals:         1       0       0       0       0       0       0
      Temps:          0       0       0       0       0       0       0
      Totals:         1       0       0       0       0       0       0
Total ram usage:        1 bytes
 Hardware stack levels used:    1
 Hardware stack levels required when called:    2
 This function calls:
		Nothing
 This function is called by:
		_calculateSetFilterMask
		_ECANInitialize
 This function uses a non-reentrant model


 *************** function _OpenTimer0 *****************
 Defined at:
		line 19 in file "C:\Program Files (x86)\Microchip\xc8\v1.21\sources\pic18\plib\Timers\t0open.c"
 Parameters:    Size  Location     Type
  config          1    wreg     unsigned char 
 Auto vars:     Size  Location     Type
  config          1    7[COMRAM] unsigned char 
 Return value:  Size  Location     Type
		None               void
 Registers used:
		wreg, status,2, status,0
 Tracked objects:
		On entry : 
		On exit  : 
		Unchanged: 
 Data sizes:     COMRAM   BANK0   BANK1   BANK2   BANK3   BANK4   BANK5
      Params:         0       0       0       0       0       0       0
      Locals:         1       0       0       0       0       0       0
      Temps:          0       0       0       0       0       0       0
      Totals:         1       0       0       0       0       0       0
Total ram usage:        1 bytes
 Hardware stack levels used:    1
 Hardware stack levels required when called:    2
 This function calls:
		Nothing
 This function is called by:
		_init
 This function uses a non-reentrant model


 *************** function _init_app_ram *****************
 Defined at:
		line 435 in file "../main.c"
 Parameters:    Size  Location     Type
		None
 Auto vars:     Size  Location     Type
  i               1   11[COMRAM] unsigned char 
 Return value:  Size  Location     Type
		None               void
 Registers used:
		wreg, fsr2l, fsr2h, status,2, status,0, prodl, prodh, cstack
 Tracked objects:
		On entry : 
		On exit  : 
		Unchanged: 
 Data sizes:     COMRAM   BANK0   BANK1   BANK2   BANK3   BANK4   BANK5
      Params:         0       0       0       0       0       0       0
      Locals:         1       0       0       0       0       0       0
      Temps:          2       0       0       0       0       0       0
      Totals:         3       0       0       0       0       0       0
Total ram usage:        3 bytes
 Hardware stack levels used:    1
 Hardware stack levels required when called:    3
 This function calls:
		_Read_b_eep
 This function is called by:
		_main
		_init
		_vscp_restoreDefaults
 This function uses a non-reentrant model


 *************** function _WriteTimer0 *****************
 Defined at:
		line 17 in file "C:\Program Files (x86)\Microchip\xc8\v1.21\sources\pic18\plib\Timers\t0write.c"
 Parameters:    Size  Location     Type
  timer0          2    7[COMRAM] unsigned int 
 Auto vars:     Size  Location     Type
  timer           2    9[COMRAM] struct Timers
 Return value:  Size  Location     Type
		None               void
 Registers used:
		None
 Tracked objects:
		On entry : 
		On exit  : 
		Unchanged: 
 Data sizes:     COMRAM   BANK0   BANK1   BANK2   BANK3   BANK4   BANK5
      Params:         2       0       0       0       0       0       0
      Locals:         2       0       0       0       0       0       0
      Temps:          0       0       0       0       0       0       0
      Totals:         4       0       0       0       0       0       0
Total ram usage:        4 bytes
 Hardware stack levels used:    1
 Hardware stack levels required when called:    2
 This function calls:
		Nothing
 This function is called by:
		_init
 This function uses a non-reentrant model


 *************** function _vscp_readAppReg *****************
 Defined at:
		line 901 in file "../main.c"
 Parameters:    Size  Location     Type
  reg             1    wreg     unsigned char 
 Auto vars:     Size  Location     Type
  reg             1   10[COMRAM] unsigned char 
  rv              1    9[COMRAM] unsigned char 
 Return value:  Size  Location     Type
                  1    wreg      unsigned char 
 Registers used:
		wreg, status,2, status,0, cstack
 Tracked objects:
		On entry : 
		On exit  : 
		Unchanged: 
 Data sizes:     COMRAM   BANK0   BANK1   BANK2   BANK3   BANK4   BANK5
      Params:         0       0       0       0       0       0       0
      Locals:         2       0       0       0       0       0       0
      Temps:          0       0       0       0       0       0       0
      Totals:         2       0       0       0       0       0       0
Total ram usage:        2 bytes
 Hardware stack levels used:    1
 Hardware stack levels required when called:    3
 This function calls:
		_Read_b_eep
 This function is called by:
		_vscp_readRegister
		_vscp_handleProtocolEvent
 This function uses a non-reentrant model


 *************** function _Read_b_eep *****************
 Defined at:
		line 24 in file "C:\Program Files (x86)\Microchip\xc8\v1.21\sources\pic18\plib\EEP\read_B.c"
 Parameters:    Size  Location     Type
  badd            2    7[COMRAM] unsigned int 
 Auto vars:     Size  Location     Type
		None
 Return value:  Size  Location     Type
                  1    wreg      unsigned char 
 Registers used:
		wreg, status,2
 Tracked objects:
		On entry : 
		On exit  : 
		Unchanged: 
 Data sizes:     COMRAM   BANK0   BANK1   BANK2   BANK3   BANK4   BANK5
      Params:         2       0       0       0       0       0       0
      Locals:         0       0       0       0       0       0       0
      Temps:          0       0       0       0       0       0       0
      Totals:         2       0       0       0       0       0       0
Total ram usage:        2 bytes
 Hardware stack levels used:    1
 Hardware stack levels required when called:    2
 This function calls:
		Nothing
 This function is called by:
		_init_app_ram
		_doApplicationOneSecondWork
		_vscp_readNicknamePermanent
		_vscp_getZone
		_vscp_getSubzone
		_vscp_readAppReg
		_vscp_writeAppReg
		_SendInformationEvent
		_doDM
		_doActionOn
		_doActionOff
		_doActionPulse
		_doActionStatus
		_doActionDisable
		_doActionToggle
		_vscp_getGUID
		_vscp_getUserID
		_vscp_getManufacturerId
		_vscp_getSegmentCRC
		_calculateSetFilterMask
 This function uses a non-reentrant model


 *************** function _interrupt_at_low_vector *****************
 Defined at:
		line 131 in file "../main.c"
 Parameters:    Size  Location     Type
		None
 Auto vars:     Size  Location     Type
		None
 Return value:  Size  Location     Type
		None               void
 Registers used:
		wreg, status,2, status,0, cstack
 Tracked objects:
		On entry : 
		On exit  : 
		Unchanged: 
 Data sizes:     COMRAM   BANK0   BANK1   BANK2   BANK3   BANK4   BANK5
      Params:         0       0       0       0       0       0       0
      Locals:         0       0       0       0       0       0       0
      Temps:          3       0       0       0       0       0       0
      Totals:         3       0       0       0       0       0       0
Total ram usage:        3 bytes
 Hardware stack levels used:    1
 Hardware stack levels required when called:    1
 This function calls:
		i1_WriteTimer0
 This function is called by:
		Interrupt level 1
 This function uses a non-reentrant model


 *************** function i1_WriteTimer0 *****************
 Defined at:
		line 17 in file "C:\Program Files (x86)\Microchip\xc8\v1.21\sources\pic18\plib\Timers\t0write.c"
 Parameters:    Size  Location     Type
  timer0          2    0[COMRAM] unsigned int 
 Auto vars:     Size  Location     Type
  WriteTimer0     2    2[COMRAM] struct Timers
 Return value:  Size  Location     Type
		None               void
 Registers used:
		None
 Tracked objects:
		On entry : 
		On exit  : 
		Unchanged: 
 Data sizes:     COMRAM   BANK0   BANK1   BANK2   BANK3   BANK4   BANK5
      Params:         2       0       0       0       0       0       0
      Locals:         2       0       0       0       0       0       0
      Temps:          0       0       0       0       0       0       0
      Totals:         4       0       0       0       0       0       0
Total ram usage:        4 bytes
 Hardware stack levels used:    1
 This function calls:
		Nothing
 This function is called by:
		_interrupt_at_low_vector
 This function uses a non-reentrant model



MODULE INFORMATION

Module		Function		Class		Link	Load	Size
../main.c
		_vscp_getBootLo		CODE           	450E	0000	2
		_vscp_getZone  		CODE           	44C4	0000	10
		_init          		CODE           	40BA	0000	62
		_vscp_setManufa		CODE           	422A	0000	38
		_doDM          		CODE           	2218	0000	766
		_vscp_setGUID  		CODE           	4250	0000	38
		_SendInformatio		CODE           	3F34	0000	108
		_getVSCPFrame  		CODE           	3E46	0000	120
		_vscp_setContro		CODE           	4406	0000	22
		_vscp_getUserID		CODE           	445C	0000	20
		_doWork        		CODE           	4508	0000	2
		_vscp_getSegmen		CODE           	44EC	0000	10
		_vscp_restoreDe		CODE           	44F6	0000	8
		_vscp_readAppRe		CODE           	3C5C	0000	182
		_vscp_getFamily		CODE           	44D8	0000	10
		_doActionOn    		CODE           	2808	0000	666
		_vscp_setUserID		CODE           	4384	0000	28
		_getCANFrame   		CODE           	415C	0000	44
		_main          		CODE           	3A06	0000	230
		_doActionOff   		CODE           	391E	0000	232
		_calculateSetFi		CODE           	1948	0000	1132
		_vscp_getRegist		CODE           	450A	0000	2
		_vscp_setSegmen		CODE           	441C	0000	22
		_sendVSCPFrame 		CODE           	3BA6	0000	182
		_vscp_getMDF_UR		CODE           	43D6	0000	24
		_init_app_eepro		CODE           	1DB4	0000	1124
		_doActionPulse 		CODE           	2CB0	0000	512
		_sendCANFrame  		CODE           	3FEE	0000	74
		_vscp_writeAppR		CODE           	08E0	0000	2602
		_vscp_getFamily		CODE           	44CE	0000	10
		_vscp_getBuffer		CODE           	450C	0000	2
		_vscp_getSubzon		CODE           	44BA	0000	10
		_vscp_getMatrix		CODE           	4328	0000	32
		_vscp_goBootloa		CODE           	43A0	0000	28
		_doActionToggle		CODE           	332C	0000	338
		_doActionStatus		CODE           	35CE	0000	316
		_vscp_readNickn		CODE           	44E2	0000	10
		_interrupt_at_l		CODE           	0818	0000	162
		_doApplicationO		CODE           	2516	0000	754
		_doActionDisabl		CODE           	3D12	0000	158
		_vscp_getMajorV		CODE           	4514	0000	2
		_vscp_getMinorV		CODE           	4512	0000	2
		_vscp_writeNick		CODE           	4432	0000	22
		_init_app_ram  		CODE           	370A	0000	270
		_vscp_getManufa		CODE           	4448	0000	20
		_vscp_getSubMin		CODE           	4510	0000	2
		_vscp_getGUID  		CODE           	4470	0000	20

../main.c estimated size: 10430

C:\Program Files (x86)\Microchip\xc8\v1.21\sources\pic18\plib\Timers\t0write.c
		_WriteTimer0   		CODE           	4484	0000	18

C:\Program Files (x86)\Microchip\xc8\v1.21\sources\pic18\plib\Timers\t0write.c estimated size: 18

C:\Program Files (x86)\Microchip\xc8\v1.21\sources\pic18\plib\EEP\read_B.c
		_Read_b_eep    		CODE           	4496	0000	18

C:\Program Files (x86)\Microchip\xc8\v1.21\sources\pic18\plib\EEP\read_B.c estimated size: 18

../ECAN.c
		_ECANReceiveMes		CODE           	2AA2	0000	526
		__RegsToCANID  		CODE           	31C8	0000	356
		__ECANPointBuff		CODE           	3EBE	0000	118
		_ECANInitialize		CODE           	3DB0	0000	150
		__CANIDToRegs  		CODE           	347E	0000	336
		_ECANSetOperati		CODE           	43EE	0000	24
		_ECANSendMessag		CODE           	305E	0000	362

../ECAN.c estimated size: 1872

shared
		_vscp_deviceURL		SMALLCONST     	08BE	0000	32
		__initializatio		CODE           	42E4	0000	24
		i1_WriteTimer0 		CODE           	44A8	0000	18

shared estimated size: 74

C:\Program Files (x86)\Microchip\xc8\v1.21\sources\common\lbmod.c
		___lbmod       		CODE           	41DC	0000	40

C:\Program Files (x86)\Microchip\xc8\v1.21\sources\common\lbmod.c estimated size: 40

../../vscp_firmware/common/vscp_firmware.c
		_vscp_getEvent 		CODE           	41B2	0000	42
		_vscp_handleHea		CODE           	407C	0000	62
		_vscp_readRegis		CODE           	43BC	0000	26
		_vscp_writeRegi		CODE           	4306	0000	34
		_vscp_error    		CODE           	4504	0000	4
		_vscp_readStdRe		CODE           	2EB0	0000	430
		_vscp_goActiveS		CODE           	4348	0000	30
		_vscp_doOneSeco		CODE           	3FA0	0000	78
		_vscp_sendEvent		CODE           	4276	0000	38
		_vscp_check_pst		CODE           	42C0	0000	36
		_vscp_writeStdR		CODE           	3818	0000	262
		_vscp_handlePro		CODE           	130A	0000	1598
		_vscp_handleDro		CODE           	412C	0000	48
		_vscp_handleSet		CODE           	429C	0000	36
		_vscp_handlePro		CODE           	3AEC	0000	186
		_vscp_sendHeart		CODE           	4204	0000	38
		_vscp_newNodeOn		CODE           	4188	0000	42
		_vscp_init     		CODE           	4038	0000	68

../../vscp_firmware/common/vscp_firmware.c estimated size: 3058

C:\Program Files (x86)\Microchip\xc8\v1.21\sources\pic18\plib\EEP\write_B.c
		_Write_b_eep   		CODE           	40F8	0000	52

C:\Program Files (x86)\Microchip\xc8\v1.21\sources\pic18\plib\EEP\write_B.c estimated size: 52

C:\Program Files (x86)\Microchip\xc8\v1.21\sources\pic18\plib\Timers\t0open.c
		_OpenTimer0    		CODE           	4366	0000	30

C:\Program Files (x86)\Microchip\xc8\v1.21\sources\pic18\plib\Timers\t0open.c estimated size: 30

C:\Program Files (x86)\Microchip\xc8\v1.21\sources\pic18\plib\EEP\busy_eep.c
		_Busy_eep      		CODE           	44FE	0000	6

C:\Program Files (x86)\Microchip\xc8\v1.21\sources\pic18\plib\EEP\busy_eep.c estimated size: 6

